// Jest Snapshot v1, https://goo.gl/fbAQLP

exports[`curveLine curveLine([{"x":491.8725099601594,"y":115.5},{"x":595,"y":32},{"x":750,"y":32},{"x":905,"y":32},{"x":930,"y":33.61290322580645}]) should work 1`] = `"M491.873,115.5L595,32L750,32L905,32L934.99,33.935"`;

exports[`curveLine curveLine([{"x":818.1675392670157,"y":221},{"x":905,"y":167.5},{"x":1008.1274900398406,"y":84}]) should work 1`] = `"M818.168,221L905,167.5L1012.013,80.854"`;
