// Jest Snapshot v1, https://goo.gl/fbAQLP

exports[`basic.nav-menu basic usage 1`] = `"<style>nav-menu.shadow.css</style><div class="nav-menu-wrapper"><basic.general-menu-item title=""><basic.general-link><span class="menu-item-label">菜单一</span></basic.general-link></basic.general-menu-item><basic.general-popover class="popover" trigger="hover" placement="bottom-start"><basic.general-menu-item class="sub-menu-item-label" slot="anchor" title=""><span class="menu-item-label">菜单二</span></basic.general-menu-item><div class="sub-menu-wrapper"><basic.general-menu-item title=""><basic.general-link><span class="menu-item-label">菜单二-1</span></basic.general-link></basic.general-menu-item><div class="group-label">分组</div><div class="group-wrapper"><basic.general-menu-item title="" active=""><basic.general-link url="/oops"><span class="menu-item-label">分组1</span></basic.general-link></basic.general-menu-item><basic.general-menu-item title=""><basic.general-link><span class="menu-item-label">分组2</span></basic.general-link></basic.general-menu-item></div></div></basic.general-popover></div>"`;
